D:\01-Codes\roadmatch\src\mock\graph_simplifier.py:67: UserWarning: Geometry is in a geographic CRS. Results from 'buffer' are likely incorrect. Use 'GeoSeries.to_crs()' to re-project geometries to a projected CRS before this operation.

  gdf_buffered['geometry'] = gdf.geometry.buffer(buffer_deg)
Original: 115539 edges, 82289 nodes
Splitting edges at intersections...
After splitting: 119689 edges, 84252 nodes
Split 2380 edges [5.4s]
Clustering 119689 edges...
Clusters: 33877 [312.1s]
Building C-edge graph...
C-edges: 33877 [93.0s]
Building node-to-C-edges mapping...
  [0.1s]
Filtering spur core edges...
  [93.3s]
Identifying connection nodes...
Connection nodes: 50833 [0.0s]
Clustering connection nodes...
Connection node clusters: 35745 [0.4s]
Creating virtual C-nodes...
Virtual C-nodes: 30471 [2.1s]
Merging T-junction C-nodes...
Virtual C-nodes after merge: 30303 [0.1s]
Finding parallelograms...
Parallelograms: 871 [335.2s]
Clustering parallelograms into crossroads...
Crossroad clusters: 665 [0.2s]
Merging intersection C-nodes...
Virtual C-nodes after intersection merge: 29637 [9.8s]
Updating C-edge endpoints...
  [0.0s]
Splitting C-edges at intersection nodes...
C-edges after splitting: 34995 [0.5s]
Total pipeline: 852.8s
Saved to resource\changsha\c_edge_graph.html
